../Core/Src/main.c:94:5:main	8	static
../Core/Src/main.c:158:6:SystemClock_Config	88	static
../Core/Src/main.c:205:13:MX_ADC1_Init	24	static
../Core/Src/main.c:261:13:MX_TIM1_Init	96	static
../Core/Src/main.c:336:13:MX_TIM3_Init	32	static
../Core/Src/main.c:381:13:MX_USART1_UART_Init	8	static
../Core/Src/main.c:412:13:MX_DMA_Init	16	static
../Core/Src/main.c:433:13:MX_GPIO_Init	40	static
../Core/Src/main.c:466:6:HAL_TIM_PeriodElapsedCallback	16	static
../Core/Src/main.c:472:6:HAL_ADC_ConvCpltCallback	16	static
../Core/Src/main.c:476:6:HAL_UART_RxCpltCallback	16	static
../Core/Src/main.c:486:6:Error_Handler	4	static,ignoring_inline_asm
