../Core/Src/main.c:156:5:main	24	static
../Core/Src/main.c:237:6:SystemClock_Config	88	static
../Core/Src/main.c:284:13:MX_ADC1_Init	24	static
../Core/Src/main.c:331:13:MX_TIM1_Init	96	static
../Core/Src/main.c:406:13:MX_TIM3_Init	32	static
../Core/Src/main.c:451:13:MX_USART1_UART_Init	8	static
../Core/Src/main.c:482:13:MX_DMA_Init	16	static
../Core/Src/main.c:500:13:MX_GPIO_Init	40	static
../Core/Src/main.c:533:6:HAL_TIM_PeriodElapsedCallback	16	static
../Core/Src/main.c:539:6:HAL_ADC_ConvCpltCallback	16	static
../Core/Src/main.c:543:6:HAL_UART_RxCpltCallback	16	static
../Core/Src/main.c:549:7:adc2volt	16	static
../Core/Src/main.c:553:8:volt2res	16	static
../Core/Src/main.c:557:8:ntc2temp	40	static
../Core/Src/main.c:569:6:PID_Init	16	static
../Core/Src/main.c:579:8:PID_Update	64	static
../Core/Src/main.c:630:6:Error_Handler	4	static,ignoring_inline_asm
